#-----------------------------------------------------------
# Vivado v2018.2 (64-bit)
# SW Build 2258646 on Thu Jun 14 20:03:12 MDT 2018
# IP Build 2256618 on Thu Jun 14 22:10:49 MDT 2018
# Start of session at: Thu Oct 24 16:13:16 2024
# Process ID: 7140
# Current directory: C:/Users/cyber/Desktop/Kashfy-EE2026-Vivado/EE2026_Exam_subtask_A.xpr/EE2026_Exam
# Command line: vivado.exe -gui_launcher_event rodinguilauncherevent33668 C:\Users\cyber\Desktop\Kashfy-EE2026-Vivado\EE2026_Exam_subtask_A.xpr\EE2026_Exam\EE2026_Exam.xpr
# Log file: C:/Users/cyber/Desktop/Kashfy-EE2026-Vivado/EE2026_Exam_subtask_A.xpr/EE2026_Exam/vivado.log
# Journal file: C:/Users/cyber/Desktop/Kashfy-EE2026-Vivado/EE2026_Exam_subtask_A.xpr/EE2026_Exam\vivado.jou
#-----------------------------------------------------------
start_gui
open_project C:/Users/cyber/Desktop/Kashfy-EE2026-Vivado/EE2026_Exam_subtask_A.xpr/EE2026_Exam/EE2026_Exam.xpr
INFO: [ProjectBase 1-489] The host OS only allows 260 characters in a normal path. The project is stored in a path with more than 80 characters. If you experience issues with IP, Block Designs, or files not being found, please consider moving the project to a location with a shorter path. Alternately consider using the OS subst command to map part of the path to a drive letter.
Current project path is 'C:/Users/cyber/Desktop/Kashfy-EE2026-Vivado/EE2026_Exam_subtask_A.xpr/EE2026_Exam'
INFO: [Project 1-313] Project file moved from 'C:/Users/cyber/Desktop/Kashfy-EE2026-Vivado/MODS/.Xil/Vivado-32272-Kashfy-yoga7/PrjAr/_X_' since last save.
Scanning sources...
Finished scanning sources
INFO: [IP_Flow 19-234] Refreshing IP repositories
INFO: [IP_Flow 19-1704] No user IP repositories specified
INFO: [IP_Flow 19-2313] Loaded Vivado IP repository 'C:/Xilinx/Vivado/2018.2/data/ip'.
open_project: Time (s): cpu = 00:00:03 ; elapsed = 00:00:05 . Memory (MB): peak = 806.664 ; gain = 93.754
update_compile_order -fileset sources_1
reset_run synth_1
launch_runs impl_1 -to_step write_bitstream -jobs 8
[Thu Oct 24 16:13:46 2024] Launched synth_1...
Run output will be captured here: C:/Users/cyber/Desktop/Kashfy-EE2026-Vivado/EE2026_Exam_subtask_A.xpr/EE2026_Exam/EE2026_Exam.runs/synth_1/runme.log
[Thu Oct 24 16:13:46 2024] Launched impl_1...
Run output will be captured here: C:/Users/cyber/Desktop/Kashfy-EE2026-Vivado/EE2026_Exam_subtask_A.xpr/EE2026_Exam/EE2026_Exam.runs/impl_1/runme.log
open_run impl_1
INFO: [Netlist 29-17] Analyzing 1 Unisim elements for replacement
INFO: [Netlist 29-28] Unisim Transformation completed in 0 CPU seconds
INFO: [Project 1-479] Netlist was created with Vivado 2018.2
INFO: [Device 21-403] Loading part xc7a35tcpg236-1
INFO: [Project 1-570] Preparing netlist for logic optimization
INFO: [Timing 38-478] Restoring timing data from binary archive.
INFO: [Common 17-41] Interrupt caught. Command should exit soon.
INFO: [Timing 38-479] Binary timing data restore complete.
INFO: [Project 1-856] Restoring constraints from binary archive.
INFO: [Project 1-853] Binary constraint restore complete.
Reading XDEF placement.
Reading placer database...
Reading XDEF routing.
Restored from archive | CPU: 0.000000 secs | Memory: 0.000000 MB |
Finished XDEF File Restore: Time (s): cpu = 00:00:00 ; elapsed = 00:00:00.005 . Memory (MB): peak = 1657.828 ; gain = 0.000
open_run: Time (s): cpu = 00:00:08 ; elapsed = 00:00:13 . Memory (MB): peak = 1657.828 ; gain = 826.754
INFO: [Common 17-344] 'open_run' was cancelled
archive_project C:/Users/cyber/Desktop/Kashfy-EE2026-Vivado/EE2026_Exam_subtask_A.xpr/EE2026_Exam_subtask_A.xpr.zip -temp_dir C:/Users/cyber/Desktop/Kashfy-EE2026-Vivado/EE2026_Exam_subtask_A.xpr/EE2026_Exam/.Xil/Vivado-7140-Kashfy-yoga7 -force -include_local_ip_cache -include_config_settings
INFO: [Coretcl 2-137] starting archive...
INFO: [Coretcl 2-1499] Saving project copy to temporary location 'C:/Users/cyber/Desktop/Kashfy-EE2026-Vivado/EE2026_Exam_subtask_A.xpr/EE2026_Exam/.Xil/Vivado-7140-Kashfy-yoga7' for archiving project
INFO: [ProjectBase 1-489] The host OS only allows 260 characters in a normal path. The project is stored in a path with more than 80 characters. If you experience issues with IP, Block Designs, or files not being found, please consider moving the project to a location with a shorter path. Alternately consider using the OS subst command to map part of the path to a drive letter.
Current project path is 'C:/Users/cyber/Desktop/Kashfy-EE2026-Vivado/EE2026_Exam_subtask_A.xpr/EE2026_Exam'
Scanning sources...
Finished scanning sources
INFO: [Coretcl 2-1211] Creating project copy for archival...
INFO: [ProjectBase 1-495] The host OS only allows 260 characters in a normal path. The project is stored in a path with more than 80 characters. If you experience any problem with archiving the project, please consider setting environment variable $TEMP to a shorter path.
Current project path is 'C:/Users/cyber/Desktop/Kashfy-EE2026-Vivado/EE2026_Exam_subtask_A.xpr/EE2026_Exam/.Xil/Vivado-7140-Kashfy-yoga7/PrjAr/_X_'.
INFO: [Coretcl 2-1213] Including run results for 'synth_1'
INFO: [Coretcl 2-1213] Including run results for 'impl_1'
INFO: [Coretcl 2-1212] Importing remotely added design sources and verilog include files (if any)...
INFO: [filemgmt 20-334] All file(s) are already imported in fileset: 'constrs_1'
INFO: [filemgmt 20-348] Importing the appropriate files for fileset: 'constrs_1'
INFO: [filemgmt 20-348] Importing the appropriate files for fileset: 'sources_1'
INFO: [Coretcl 2-1209] Adding archive summary file to the project...
INFO: [Coretcl 2-1214] Preparing project files for archive...
INFO: [Coretcl 2-1210] Compressing project files and data...
INFO: [Coretcl 2-1215] Project archived (C:/Users/cyber/Desktop/Kashfy-EE2026-Vivado/EE2026_Exam_subtask_A.xpr/EE2026_Exam_subtask_A.xpr.zip)
INFO: [Coretcl 2-1216] To view the archive summary log in GUI, double click on 'Design Sources->Text->archive_project_summary.txt', or open this file from the archived project directory.
exit
INFO: [Common 17-206] Exiting Vivado at Thu Oct 24 16:48:52 2024...
