Copyright 1986-2018 Xilinx, Inc. All Rights Reserved.
---------------------------------------------------------------------------------------
| Tool Version : Vivado v.2018.2 (win64) Build 2258646 Thu Jun 14 20:03:12 MDT 2018
| Date         : Thu Oct 24 16:11:56 2024
| Host         : Kashfy-yoga7 running 64-bit major release  (build 9200)
| Command      : report_control_sets -verbose -file top_module_control_sets_placed.rpt
| Design       : top_module
| Device       : xc7a35t
---------------------------------------------------------------------------------------

Control Set Information

Table of Contents
-----------------
1. Summary
2. Histogram
3. Flip-Flop Distribution
4. Detailed Control Set Information

1. Summary
----------

+----------------------------------------------------------+-------+
|                          Status                          | Count |
+----------------------------------------------------------+-------+
| Number of unique control sets                            |     5 |
| Unused register locations in slices containing registers |     2 |
+----------------------------------------------------------+-------+


2. Histogram
------------

+--------+--------------+
| Fanout | Control Sets |
+--------+--------------+
|      6 |            1 |
|      8 |            1 |
|    16+ |            3 |
+--------+--------------+


3. Flip-Flop Distribution
-------------------------

+--------------+-----------------------+------------------------+-----------------+--------------+
| Clock Enable | Synchronous Set/Reset | Asynchronous Set/Reset | Total Registers | Total Slices |
+--------------+-----------------------+------------------------+-----------------+--------------+
| No           | No                    | No                     |              14 |            4 |
| No           | No                    | Yes                    |               0 |            0 |
| No           | Yes                   | No                     |              80 |           14 |
| Yes          | No                    | No                     |               0 |            0 |
| Yes          | No                    | Yes                    |               0 |            0 |
| Yes          | Yes                   | No                     |              24 |            4 |
+--------------+-----------------------+------------------------+-----------------+--------------+


4. Detailed Control Set Information
-----------------------------------

+-----------------------------------------------+------------------------------+---------------------------------------------------------+------------------+----------------+
|                  Clock Signal                 |         Enable Signal        |                     Set/Reset Signal                    | Slice Load Count | Bel Load Count |
+-----------------------------------------------+------------------------------+---------------------------------------------------------+------------------+----------------+
|  clk_IBUF_BUFG                                |                              |                                                         |                2 |              6 |
|  nolabel_line35/nolabel_line43/move_right/CLK |                              |                                                         |                2 |              8 |
|  nolabel_line35/nolabel_line43/move_right/CLK |                              | nolabel_line35/nolabel_line43/move_right_seg[7]_i_1_n_0 |                6 |             16 |
|  clk_IBUF_BUFG                                | nolabel_line35/an[3]_i_2_n_0 | nolabel_line35/an[3]_i_1_n_0                            |                4 |             24 |
|  clk_IBUF_BUFG                                |                              | nolabel_line35/nolabel_line43/move_right/clear          |                8 |             64 |
+-----------------------------------------------+------------------------------+---------------------------------------------------------+------------------+----------------+


