#-----------------------------------------------------------
# Vivado v2018.2 (64-bit)
# SW Build 2258646 on Thu Jun 14 20:03:12 MDT 2018
# IP Build 2256618 on Thu Jun 14 22:10:49 MDT 2018
# Start of session at: Thu Oct 24 14:12:17 2024
# Process ID: 20680
# Current directory: C:/Users/cyber/Desktop/Kashfy-EE2026-Vivado/MODS
# Command line: vivado.exe -gui_launcher_event rodinguilauncherevent19880 C:\Users\cyber\Desktop\Kashfy-EE2026-Vivado\MODS\MODS.xpr
# Log file: C:/Users/cyber/Desktop/Kashfy-EE2026-Vivado/MODS/vivado.log
# Journal file: C:/Users/cyber/Desktop/Kashfy-EE2026-Vivado/MODS\vivado.jou
#-----------------------------------------------------------
start_gui
open_project C:/Users/cyber/Desktop/Kashfy-EE2026-Vivado/MODS/MODS.xpr
Scanning sources...
Finished scanning sources
INFO: [IP_Flow 19-234] Refreshing IP repositories
INFO: [IP_Flow 19-1704] No user IP repositories specified
INFO: [IP_Flow 19-2313] Loaded Vivado IP repository 'C:/Xilinx/Vivado/2018.2/data/ip'.
open_project: Time (s): cpu = 00:00:04 ; elapsed = 00:00:07 . Memory (MB): peak = 870.969 ; gain = 123.469uupdate_compile_order -fileset sources_1open_hw
connect_hw_server
INFO: [Labtools 27-2285] Connecting to hw_server url TCP:localhost:3121
disconnect_hw_server localhost:3121
connect_hw_server
INFO: [Labtools 27-2285] Connecting to hw_server url TCP:localhost:3121
disconnect_hw_server localhost:3121
connect_hw_server
INFO: [Labtools 27-2285] Connecting to hw_server url TCP:localhost:3121
open_hw_target
INFO: [Labtoolstcl 44-466] Opening hw_target localhost:3121/xilinx_tcf/Digilent/210183ACA97CA
set_property PROGRAM.FILE {C:/Users/cyber/Desktop/Kashfy-EE2026-Vivado/MODS/MODS.runs/impl_1/Top_Student.bit} [get_hw_devices xc7a35t_0]
current_hw_device [get_hw_devices xc7a35t_0]
refresh_hw_device -update_hw_probes false [lindex [get_hw_devices xc7a35t_0] 0]
INFO: [Labtools 27-1434] Device xc7a35t (JTAG device index = 0) is programmed with a design that has no supported debug core(s) in it.
WARNING: [Labtools 27-3361] The debug hub core was not detected.
Resolution: 
1. Make sure the clock connected to the debug hub (dbg_hub) core is a free running clock and is active.
2. Make sure the BSCAN_SWITCH_USER_MASK device property in Vivado Hardware Manager reflects the user scan chain setting in the design and refresh the device.  To determine the user scan chain setting in the design, open the implemented design and use 'get_property C_USER_SCAN_CHAIN [get_debug_cores dbg_hub]'.
For more details on setting the scan chain property, consult the Vivado Debug and Programming User Guide (UG908).
set_property PROBES.FILE {} [get_hw_devices xc7a35t_0]
set_property FULL_PROBES.FILE {} [get_hw_devices xc7a35t_0]
set_property PROGRAM.FILE {C:/Users/cyber/Desktop/Kashfy-EE2026-Vivado/MODS/MODS.runs/impl_1/Top_Student.bit} [get_hw_devices xc7a35t_0]
program_hw_devices [get_hw_devices xc7a35t_0]
INFO: [Labtools 27-3164] End of startup status: HIGH
refresh_hw_device [lindex [get_hw_devices xc7a35t_0] 0]
INFO: [Labtools 27-1434] Device xc7a35t (JTAG device index = 0) is programmed with a design that has no supported debug core(s) in it.
WARNING: [Labtools 27-3361] The debug hub core was not detected.
Resolution: 
1. Make sure the clock connected to the debug hub (dbg_hub) core is a free running clock and is active.
2. Make sure the BSCAN_SWITCH_USER_MASK device property in Vivado Hardware Manager reflects the user scan chain setting in the design and refresh the device.  To determine the user scan chain setting in the design, open the implemented design and use 'get_property C_USER_SCAN_CHAIN [get_debug_cores dbg_hub]'.
For more details on setting the scan chain property, consult the Vivado Debug and Programming User Guide (UG908).
ERROR: [Labtoolstcl 44-513] HW Target shutdown. Closing target: localhost:3121/xilinx_tcf/Digilent/210183ACA97CA
INFO: [Labtoolstcl 44-466] Opening hw_target localhost:3121/xilinx_tcf/Digilent/210183ACA97CA
INFO: [Labtools 27-1434] Device xc7a35t (JTAG device index = 0) is programmed with a design that has no supported debug core(s) in it.
WARNING: [Labtools 27-3361] The debug hub core was not detected.
Resolution: 
1. Make sure the clock connected to the debug hub (dbg_hub) core is a free running clock and is active.
2. Make sure the BSCAN_SWITCH_USER_MASK device property in Vivado Hardware Manager reflects the user scan chain setting in the design and refresh the device.  To determine the user scan chain setting in the design, open the implemented design and use 'get_property C_USER_SCAN_CHAIN [get_debug_cores dbg_hub]'.
For more details on setting the scan chain property, consult the Vivado Debug and Programming User Guide (UG908).
WARNING: [Labtoolstcl 44-129] No matching hw_ila_data was found.
set_property PROBES.FILE {} [get_hw_devices xc7a35t_0]
set_property FULL_PROBES.FILE {} [get_hw_devices xc7a35t_0]
set_property PROGRAM.FILE {C:/Users/cyber/Desktop/Kashfy-EE2026-Vivado/MODS/MODS.runs/impl_1/Top_Student.bit} [get_hw_devices xc7a35t_0]
program_hw_devices [get_hw_devices xc7a35t_0]
INFO: [Labtools 27-3164] End of startup status: HIGH
refresh_hw_device [lindex [get_hw_devices xc7a35t_0] 0]
INFO: [Labtools 27-1434] Device xc7a35t (JTAG device index = 0) is programmed with a design that has no supported debug core(s) in it.
WARNING: [Labtools 27-3361] The debug hub core was not detected.
Resolution: 
1. Make sure the clock connected to the debug hub (dbg_hub) core is a free running clock and is active.
2. Make sure the BSCAN_SWITCH_USER_MASK device property in Vivado Hardware Manager reflects the user scan chain setting in the design and refresh the device.  To determine the user scan chain setting in the design, open the implemented design and use 'get_property C_USER_SCAN_CHAIN [get_debug_cores dbg_hub]'.
For more details on setting the scan chain property, consult the Vivado Debug and Programming User Guide (UG908).
close_project
create_project EE2026_Exam C:/Users/cyber/Desktop/Kashfy-EE2026-Vivado/EE2026_Exam -part xc7a35tcpg236-1
INFO: [IP_Flow 19-234] Refreshing IP repositories
INFO: [IP_Flow 19-1704] No user IP repositories specified
INFO: [IP_Flow 19-2313] Loaded Vivado IP repository 'C:/Xilinx/Vivado/2018.2/data/ip'.
file mkdir C:/Users/cyber/Desktop/Kashfy-EE2026-Vivado/EE2026_Exam/EE2026_Exam.srcs/sources_1/new
close [ open C:/Users/cyber/Desktop/Kashfy-EE2026-Vivado/EE2026_Exam/EE2026_Exam.srcs/sources_1/new/top_module.v w ]
add_files C:/Users/cyber/Desktop/Kashfy-EE2026-Vivado/EE2026_Exam/EE2026_Exam.srcs/sources_1/new/top_module.v
update_compile_order -fileset sources_1
file mkdir C:/Users/cyber/Desktop/Kashfy-EE2026-Vivado/EE2026_Exam/EE2026_Exam.srcs/constrs_1
file mkdir C:/Users/cyber/Desktop/Kashfy-EE2026-Vivado/EE2026_Exam/EE2026_Exam.srcs/constrs_1/new
close [ open C:/Users/cyber/Desktop/Kashfy-EE2026-Vivado/EE2026_Exam/EE2026_Exam.srcs/constrs_1/new/konstrens.xdc w ]
add_files -fileset constrs_1 C:/Users/cyber/Desktop/Kashfy-EE2026-Vivado/EE2026_Exam/EE2026_Exam.srcs/constrs_1/new/konstrens.xdc
close [ open C:/Users/cyber/Desktop/Kashfy-EE2026-Vivado/EE2026_Exam/EE2026_Exam.srcs/sources_1/new/subtask_A.v w ]
add_files C:/Users/cyber/Desktop/Kashfy-EE2026-Vivado/EE2026_Exam/EE2026_Exam.srcs/sources_1/new/subtask_A.v
update_compile_order -fileset sources_1
update_compile_order -fileset sources_1
launch_runs impl_1 -to_step write_bitstream -jobs 8
[Thu Oct 24 14:56:20 2024] Launched synth_1...
Run output will be captured here: C:/Users/cyber/Desktop/Kashfy-EE2026-Vivado/EE2026_Exam/EE2026_Exam.runs/synth_1/runme.log
[Thu Oct 24 14:56:20 2024] Launched impl_1...
Run output will be captured here: C:/Users/cyber/Desktop/Kashfy-EE2026-Vivado/EE2026_Exam/EE2026_Exam.runs/impl_1/runme.log
close [ open C:/Users/cyber/Desktop/Kashfy-EE2026-Vivado/EE2026_Exam/EE2026_Exam.srcs/sources_1/new/subtask_B.v w ]
add_files C:/Users/cyber/Desktop/Kashfy-EE2026-Vivado/EE2026_Exam/EE2026_Exam.srcs/sources_1/new/subtask_B.v
update_compile_order -fileset sources_1
open_hw
connect_hw_server
INFO: [Labtools 27-2285] Connecting to hw_server url TCP:localhost:3121
INFO: [Labtools 27-2222] Launching hw_server...
INFO: [Labtools 27-2221] Launch Output:

****** Xilinx hw_server v2018.2
  **** Build date : Jun 14 2018-20:42:52
    ** Copyright 1986-2018 Xilinx, Inc. All Rights Reserved.


open_hw_target
INFO: [Labtoolstcl 44-466] Opening hw_target localhost:3121/xilinx_tcf/Digilent/210183ACA97CA
current_hw_device [get_hw_devices xc7a35t_0]
refresh_hw_device -update_hw_probes false [lindex [get_hw_devices xc7a35t_0] 0]
INFO: [Labtools 27-1434] Device xc7a35t (JTAG device index = 0) is programmed with a design that has no supported debug core(s) in it.
WARNING: [Labtools 27-3361] The debug hub core was not detected.
Resolution: 
1. Make sure the clock connected to the debug hub (dbg_hub) core is a free running clock and is active.
2. Make sure the BSCAN_SWITCH_USER_MASK device property in Vivado Hardware Manager reflects the user scan chain setting in the design and refresh the device.  To determine the user scan chain setting in the design, open the implemented design and use 'get_property C_USER_SCAN_CHAIN [get_debug_cores dbg_hub]'.
For more details on setting the scan chain property, consult the Vivado Debug and Programming User Guide (UG908).
reset_run synth_1
launch_runs impl_1 -to_step write_bitstream -jobs 8
[Thu Oct 24 14:58:24 2024] Launched synth_1...
Run output will be captured here: C:/Users/cyber/Desktop/Kashfy-EE2026-Vivado/EE2026_Exam/EE2026_Exam.runs/synth_1/runme.log
[Thu Oct 24 14:58:24 2024] Launched impl_1...
Run output will be captured here: C:/Users/cyber/Desktop/Kashfy-EE2026-Vivado/EE2026_Exam/EE2026_Exam.runs/impl_1/runme.log
open_run impl_1
INFO: [Common 17-41] Interrupt caught. Command should exit soon.
INFO: [Netlist 29-17] Analyzing 1 Unisim elements for replacement
INFO: [Netlist 29-28] Unisim Transformation completed in 0 CPU seconds
INFO: [Project 1-479] Netlist was created with Vivado 2018.2
INFO: [Common 17-344] 'open_run' was cancelled
set_property PROBES.FILE {} [get_hw_devices xc7a35t_0]
set_property FULL_PROBES.FILE {} [get_hw_devices xc7a35t_0]
set_property PROGRAM.FILE {C:/Users/cyber/Desktop/Kashfy-EE2026-Vivado/EE2026_Exam/EE2026_Exam.runs/impl_1/top_module.bit} [get_hw_devices xc7a35t_0]
program_hw_devices [get_hw_devices xc7a35t_0]
INFO: [Labtools 27-3164] End of startup status: HIGH
refresh_hw_device [lindex [get_hw_devices xc7a35t_0] 0]
INFO: [Labtools 27-1434] Device xc7a35t (JTAG device index = 0) is programmed with a design that has no supported debug core(s) in it.
WARNING: [Labtools 27-3361] The debug hub core was not detected.
Resolution: 
1. Make sure the clock connected to the debug hub (dbg_hub) core is a free running clock and is active.
2. Make sure the BSCAN_SWITCH_USER_MASK device property in Vivado Hardware Manager reflects the user scan chain setting in the design and refresh the device.  To determine the user scan chain setting in the design, open the implemented design and use 'get_property C_USER_SCAN_CHAIN [get_debug_cores dbg_hub]'.
For more details on setting the scan chain property, consult the Vivado Debug and Programming User Guide (UG908).
reset_run synth_1
launch_runs impl_1 -to_step write_bitstream -jobs 8
[Thu Oct 24 15:02:30 2024] Launched synth_1...
Run output will be captured here: C:/Users/cyber/Desktop/Kashfy-EE2026-Vivado/EE2026_Exam/EE2026_Exam.runs/synth_1/runme.log
[Thu Oct 24 15:02:30 2024] Launched impl_1...
Run output will be captured here: C:/Users/cyber/Desktop/Kashfy-EE2026-Vivado/EE2026_Exam/EE2026_Exam.runs/impl_1/runme.log
open_run impl_1
INFO: [Netlist 29-17] Analyzing 1 Unisim elements for replacement
INFO: [Netlist 29-28] Unisim Transformation completed in 0 CPU seconds
INFO: [Project 1-479] Netlist was created with Vivado 2018.2
INFO: [Device 21-403] Loading part xc7a35tcpg236-1
INFO: [Project 1-570] Preparing netlist for logic optimization
INFO: [Timing 38-478] Restoring timing data from binary archive.
INFO: [Common 17-41] Interrupt caught. Command should exit soon.
INFO: [Timing 38-479] Binary timing data restore complete.
INFO: [Project 1-856] Restoring constraints from binary archive.
INFO: [Project 1-853] Binary constraint restore complete.
Reading XDEF placement.
Reading placer database...
Reading XDEF routing.
Restored from archive | CPU: 0.000000 secs | Memory: 0.000000 MB |
Finished XDEF File Restore: Time (s): cpu = 00:00:00 ; elapsed = 00:00:00.006 . Memory (MB): peak = 2387.996 ; gain = 0.000
open_run: Time (s): cpu = 00:00:06 ; elapsed = 00:00:11 . Memory (MB): peak = 2387.996 ; gain = 762.926
INFO: [Common 17-344] 'open_run' was cancelled
set_property PROBES.FILE {} [get_hw_devices xc7a35t_0]
set_property FULL_PROBES.FILE {} [get_hw_devices xc7a35t_0]
set_property PROGRAM.FILE {C:/Users/cyber/Desktop/Kashfy-EE2026-Vivado/EE2026_Exam/EE2026_Exam.runs/impl_1/top_module.bit} [get_hw_devices xc7a35t_0]
program_hw_devices [get_hw_devices xc7a35t_0]
INFO: [Labtools 27-3164] End of startup status: HIGH
refresh_hw_device [lindex [get_hw_devices xc7a35t_0] 0]
INFO: [Labtools 27-1434] Device xc7a35t (JTAG device index = 0) is programmed with a design that has no supported debug core(s) in it.
WARNING: [Labtools 27-3361] The debug hub core was not detected.
Resolution: 
1. Make sure the clock connected to the debug hub (dbg_hub) core is a free running clock and is active.
2. Make sure the BSCAN_SWITCH_USER_MASK device property in Vivado Hardware Manager reflects the user scan chain setting in the design and refresh the device.  To determine the user scan chain setting in the design, open the implemented design and use 'get_property C_USER_SCAN_CHAIN [get_debug_cores dbg_hub]'.
For more details on setting the scan chain property, consult the Vivado Debug and Programming User Guide (UG908).
close [ open C:/Users/cyber/Desktop/Kashfy-EE2026-Vivado/EE2026_Exam/EE2026_Exam.srcs/sources_1/new/flexy_clock.v w ]
add_files C:/Users/cyber/Desktop/Kashfy-EE2026-Vivado/EE2026_Exam/EE2026_Exam.srcs/sources_1/new/flexy_clock.v
update_compile_order -fileset sources_1
update_compile_order -fileset sources_1
reset_run synth_1
launch_runs impl_1 -to_step write_bitstream -jobs 8
[Thu Oct 24 15:52:56 2024] Launched synth_1...
Run output will be captured here: C:/Users/cyber/Desktop/Kashfy-EE2026-Vivado/EE2026_Exam/EE2026_Exam.runs/synth_1/runme.log
[Thu Oct 24 15:52:56 2024] Launched impl_1...
Run output will be captured here: C:/Users/cyber/Desktop/Kashfy-EE2026-Vivado/EE2026_Exam/EE2026_Exam.runs/impl_1/runme.log
reset_run synth_1
launch_runs impl_1 -to_step write_bitstream -jobs 8
[Thu Oct 24 15:53:56 2024] Launched synth_1...
Run output will be captured here: C:/Users/cyber/Desktop/Kashfy-EE2026-Vivado/EE2026_Exam/EE2026_Exam.runs/synth_1/runme.log
[Thu Oct 24 15:53:56 2024] Launched impl_1...
Run output will be captured here: C:/Users/cyber/Desktop/Kashfy-EE2026-Vivado/EE2026_Exam/EE2026_Exam.runs/impl_1/runme.log
open_run impl_1
INFO: [Netlist 29-17] Analyzing 2 Unisim elements for replacement
INFO: [Netlist 29-28] Unisim Transformation completed in 0 CPU seconds
INFO: [Project 1-479] Netlist was created with Vivado 2018.2
INFO: [Project 1-570] Preparing netlist for logic optimization
INFO: [Timing 38-478] Restoring timing data from binary archive.
INFO: [Timing 38-479] Binary timing data restore complete.
INFO: [Project 1-856] Restoring constraints from binary archive.
INFO: [Project 1-853] Binary constraint restore complete.
Reading XDEF placement.
Reading placer database...
Reading XDEF routing.
Read XDEF File: Time (s): cpu = 00:00:00 ; elapsed = 00:00:00.037 . Memory (MB): peak = 2402.352 ; gain = 0.000
Restored from archive | CPU: 0.000000 secs | Memory: 0.000000 MB |
Finished XDEF File Restore: Time (s): cpu = 00:00:00 ; elapsed = 00:00:00.038 . Memory (MB): peak = 2402.352 ; gain = 0.000
INFO: [Project 1-111] Unisim Transformation Summary:
No Unisim elements were transformed.

set_property PROBES.FILE {} [get_hw_devices xc7a35t_0]
set_property FULL_PROBES.FILE {} [get_hw_devices xc7a35t_0]
set_property PROGRAM.FILE {C:/Users/cyber/Desktop/Kashfy-EE2026-Vivado/EE2026_Exam/EE2026_Exam.runs/impl_1/top_module.bit} [get_hw_devices xc7a35t_0]
program_hw_devices [get_hw_devices xc7a35t_0]
INFO: [Labtools 27-3164] End of startup status: HIGH
refresh_hw_device [lindex [get_hw_devices xc7a35t_0] 0]
INFO: [Labtools 27-1434] Device xc7a35t (JTAG device index = 0) is programmed with a design that has no supported debug core(s) in it.
WARNING: [Labtools 27-3361] The debug hub core was not detected.
Resolution: 
1. Make sure the clock connected to the debug hub (dbg_hub) core is a free running clock and is active.
2. Make sure the BSCAN_SWITCH_USER_MASK device property in Vivado Hardware Manager reflects the user scan chain setting in the design and refresh the device.  To determine the user scan chain setting in the design, open the implemented design and use 'get_property C_USER_SCAN_CHAIN [get_debug_cores dbg_hub]'.
For more details on setting the scan chain property, consult the Vivado Debug and Programming User Guide (UG908).
reset_run synth_1
launch_runs impl_1 -to_step write_bitstream -jobs 8
[Thu Oct 24 15:58:46 2024] Launched synth_1...
Run output will be captured here: C:/Users/cyber/Desktop/Kashfy-EE2026-Vivado/EE2026_Exam/EE2026_Exam.runs/synth_1/runme.log
[Thu Oct 24 15:58:46 2024] Launched impl_1...
Run output will be captured here: C:/Users/cyber/Desktop/Kashfy-EE2026-Vivado/EE2026_Exam/EE2026_Exam.runs/impl_1/runme.log
reset_run synth_1
launch_runs impl_1 -to_step write_bitstream -jobs 8
[Thu Oct 24 15:59:23 2024] Launched synth_1...
Run output will be captured here: C:/Users/cyber/Desktop/Kashfy-EE2026-Vivado/EE2026_Exam/EE2026_Exam.runs/synth_1/runme.log
[Thu Oct 24 15:59:23 2024] Launched impl_1...
Run output will be captured here: C:/Users/cyber/Desktop/Kashfy-EE2026-Vivado/EE2026_Exam/EE2026_Exam.runs/impl_1/runme.log
update_compile_order -fileset sources_1
reset_run synth_1
launch_runs impl_1 -to_step write_bitstream -jobs 8
[Thu Oct 24 16:01:59 2024] Launched synth_1...
Run output will be captured here: C:/Users/cyber/Desktop/Kashfy-EE2026-Vivado/EE2026_Exam/EE2026_Exam.runs/synth_1/runme.log
[Thu Oct 24 16:01:59 2024] Launched impl_1...
Run output will be captured here: C:/Users/cyber/Desktop/Kashfy-EE2026-Vivado/EE2026_Exam/EE2026_Exam.runs/impl_1/runme.log
reset_run synth_1
launch_runs impl_1 -to_step write_bitstream -jobs 8
[Thu Oct 24 16:02:30 2024] Launched synth_1...
Run output will be captured here: C:/Users/cyber/Desktop/Kashfy-EE2026-Vivado/EE2026_Exam/EE2026_Exam.runs/synth_1/runme.log
[Thu Oct 24 16:02:30 2024] Launched impl_1...
Run output will be captured here: C:/Users/cyber/Desktop/Kashfy-EE2026-Vivado/EE2026_Exam/EE2026_Exam.runs/impl_1/runme.log
set_property PROBES.FILE {} [get_hw_devices xc7a35t_0]
set_property FULL_PROBES.FILE {} [get_hw_devices xc7a35t_0]
set_property PROGRAM.FILE {C:/Users/cyber/Desktop/Kashfy-EE2026-Vivado/EE2026_Exam/EE2026_Exam.runs/impl_1/top_module.bit} [get_hw_devices xc7a35t_0]
program_hw_devices [get_hw_devices xc7a35t_0]
INFO: [Labtools 27-3164] End of startup status: HIGH
refresh_hw_device [lindex [get_hw_devices xc7a35t_0] 0]
INFO: [Labtools 27-1434] Device xc7a35t (JTAG device index = 0) is programmed with a design that has no supported debug core(s) in it.
WARNING: [Labtools 27-3361] The debug hub core was not detected.
Resolution: 
1. Make sure the clock connected to the debug hub (dbg_hub) core is a free running clock and is active.
2. Make sure the BSCAN_SWITCH_USER_MASK device property in Vivado Hardware Manager reflects the user scan chain setting in the design and refresh the device.  To determine the user scan chain setting in the design, open the implemented design and use 'get_property C_USER_SCAN_CHAIN [get_debug_cores dbg_hub]'.
For more details on setting the scan chain property, consult the Vivado Debug and Programming User Guide (UG908).
archive_project C:/Users/cyber/Desktop/Kashfy-EE2026-Vivado/EE2026_Exam_subtask_A.xpr.zip -temp_dir C:/Users/cyber/Desktop/Kashfy-EE2026-Vivado/MODS/.Xil/Vivado-32272-Kashfy-yoga7 -force -include_local_ip_cache -include_config_settings
INFO: [Coretcl 2-137] starting archive...
INFO: [Coretcl 2-1499] Saving project copy to temporary location 'C:/Users/cyber/Desktop/Kashfy-EE2026-Vivado/MODS/.Xil/Vivado-32272-Kashfy-yoga7' for archiving project
Scanning sources...
Finished scanning sources
INFO: [Coretcl 2-1211] Creating project copy for archival...
INFO: [ProjectBase 1-495] The host OS only allows 260 characters in a normal path. The project is stored in a path with more than 80 characters. If you experience any problem with archiving the project, please consider setting environment variable $TEMP to a shorter path.
Current project path is 'C:/Users/cyber/Desktop/Kashfy-EE2026-Vivado/MODS/.Xil/Vivado-32272-Kashfy-yoga7/PrjAr/_X_'.
INFO: [Coretcl 2-1213] Including run results for 'synth_1'
INFO: [Coretcl 2-1213] Including run results for 'impl_1'
INFO: [Coretcl 2-1209] Adding archive summary file to the project...
INFO: [Coretcl 2-1214] Preparing project files for archive...
INFO: [Coretcl 2-1210] Compressing project files and data...
INFO: [Coretcl 2-1215] Project archived (C:/Users/cyber/Desktop/Kashfy-EE2026-Vivado/EE2026_Exam_subtask_A.xpr.zip)
INFO: [Coretcl 2-1216] To view the archive summary log in GUI, double click on 'Design Sources->Text->archive_project_summary.txt', or open this file from the archived project directory.
reset_run synth_1
launch_runs impl_1 -to_step write_bitstream -jobs 8
[Thu Oct 24 16:06:09 2024] Launched synth_1...
Run output will be captured here: C:/Users/cyber/Desktop/Kashfy-EE2026-Vivado/EE2026_Exam/EE2026_Exam.runs/synth_1/runme.log
[Thu Oct 24 16:06:09 2024] Launched impl_1...
Run output will be captured here: C:/Users/cyber/Desktop/Kashfy-EE2026-Vivado/EE2026_Exam/EE2026_Exam.runs/impl_1/runme.log
update_compile_order -fileset sources_1
reset_run synth_1
launch_runs impl_1 -to_step write_bitstream -jobs 8
[Thu Oct 24 16:07:12 2024] Launched synth_1...
Run output will be captured here: C:/Users/cyber/Desktop/Kashfy-EE2026-Vivado/EE2026_Exam/EE2026_Exam.runs/synth_1/runme.log
[Thu Oct 24 16:07:12 2024] Launched impl_1...
Run output will be captured here: C:/Users/cyber/Desktop/Kashfy-EE2026-Vivado/EE2026_Exam/EE2026_Exam.runs/impl_1/runme.log
reset_run impl_1 -prev_step 
launch_runs impl_1 -to_step write_bitstream -jobs 8
[Thu Oct 24 16:09:31 2024] Launched impl_1...
Run output will be captured here: C:/Users/cyber/Desktop/Kashfy-EE2026-Vivado/EE2026_Exam/EE2026_Exam.runs/impl_1/runme.log
reset_run synth_1
launch_runs impl_1 -to_step write_bitstream -jobs 8
[Thu Oct 24 16:11:03 2024] Launched synth_1...
Run output will be captured here: C:/Users/cyber/Desktop/Kashfy-EE2026-Vivado/EE2026_Exam/EE2026_Exam.runs/synth_1/runme.log
[Thu Oct 24 16:11:03 2024] Launched impl_1...
Run output will be captured here: C:/Users/cyber/Desktop/Kashfy-EE2026-Vivado/EE2026_Exam/EE2026_Exam.runs/impl_1/runme.log
exit
INFO: [Common 17-206] Exiting Vivado at Thu Oct 24 16:12:38 2024...
