Copyright 1986-2018 Xilinx, Inc. All Rights Reserved.
-----------------------------------------------------------------------------------------
| Tool Version : Vivado v.2018.2 (win64) Build 2258646 Thu Jun 14 20:03:12 MDT 2018
| Date         : Sun Nov  3 23:27:21 2024
| Host         : Kashfy-yoga7 running 64-bit major release  (build 9200)
| Command      : report_clock_utilization -file Top_Student_clock_utilization_routed.rpt
| Design       : Top_Student
| Device       : 7a35t-cpg236
| Speed File   : -1  PRODUCTION 1.22 2018-03-21
-----------------------------------------------------------------------------------------

Clock Utilization Report

Table of Contents
-----------------
1. Clock Primitive Utilization
2. Global Clock Resources
3. Global Clock Source Details
4. Local Clock Details
5. Clock Regions: Key Resource Utilization
6. Clock Regions : Global Clock Summary
7. Device Cell Placement Summary for Global Clock g0
8. Device Cell Placement Summary for Global Clock g1
9. Device Cell Placement Summary for Global Clock g2
10. Device Cell Placement Summary for Global Clock g3
11. Device Cell Placement Summary for Global Clock g4
12. Device Cell Placement Summary for Global Clock g5
13. Device Cell Placement Summary for Global Clock g6
14. Device Cell Placement Summary for Global Clock g7
15. Device Cell Placement Summary for Global Clock g8
16. Device Cell Placement Summary for Global Clock g9
17. Device Cell Placement Summary for Global Clock g10
18. Device Cell Placement Summary for Global Clock g11
19. Clock Region Cell Placement per Global Clock: Region X0Y0
20. Clock Region Cell Placement per Global Clock: Region X1Y0
21. Clock Region Cell Placement per Global Clock: Region X0Y1
22. Clock Region Cell Placement per Global Clock: Region X1Y1
23. Clock Region Cell Placement per Global Clock: Region X0Y2

1. Clock Primitive Utilization
------------------------------

+----------+------+-----------+-----+--------------+--------+
| Type     | Used | Available | LOC | Clock Region | Pblock |
+----------+------+-----------+-----+--------------+--------+
| BUFGCTRL |   12 |        32 |   0 |            0 |      0 |
| BUFH     |    0 |        72 |   0 |            0 |      0 |
| BUFIO    |    0 |        20 |   0 |            0 |      0 |
| BUFMR    |    0 |        10 |   0 |            0 |      0 |
| BUFR     |    0 |        20 |   0 |            0 |      0 |
| MMCM     |    0 |         5 |   0 |            0 |      0 |
| PLL      |    0 |         5 |   0 |            0 |      0 |
+----------+------+-----------+-----+--------------+--------+


2. Global Clock Resources
-------------------------

+-----------+-----------+-----------------+------------+----------------+--------------+-------------------+-------------+-----------------+--------------+-------------+--------------------------+----------------------------+
| Global Id | Source Id | Driver Type/Pin | Constraint | Site           | Clock Region | Load Clock Region | Clock Loads | Non-Clock Loads | Clock Period | Clock       | Driver Pin               | Net                        |
+-----------+-----------+-----------------+------------+----------------+--------------+-------------------+-------------+-----------------+--------------+-------------+--------------------------+----------------------------+
| g0        | src0      | BUFG/O          | None       | BUFGCTRL_X0Y0  | n/a          |                 4 |         538 |               0 |       10.000 | sys_clk_pin | clk_IBUF_BUFG_inst/O     | clk_IBUF_BUFG              |
| g1        | src1      | BUFG/O          | None       | BUFGCTRL_X0Y1  | n/a          |                 2 |         115 |               0 |              |             | clk6p25m_BUFG_inst/O     | clk6p25m_BUFG              |
| g2        | src2      | BUFG/O          | None       | BUFGCTRL_X0Y2  | n/a          |                 1 |          94 |               0 |              |             | x_increment_reg[6]_i_2/O | nolabel_line105/fps_clock  |
| g3        | src3      | BUFG/O          | None       | BUFGCTRL_X0Y3  | n/a          |                 1 |          90 |               0 |              |             | y_increment_reg[6]_i_2/O | fps_clock_0                |
| g4        | src4      | BUFG/O          | None       | BUFGCTRL_X0Y4  | n/a          |                 3 |          79 |               0 |              |             | falling_reg[31]_i_2__3/O | fps_clock_1                |
| g5        | src5      | BUFG/O          | None       | BUFGCTRL_X0Y5  | n/a          |                 2 |          58 |               0 |              |             | start_reg_i_1/O          | fps_clock_2                |
| g6        | src6      | BUFG/O          | None       | BUFGCTRL_X0Y6  | n/a          |                 2 |          57 |               0 |              |             | is_active_reg_i_2/O      | nolabel_line116/fps_clock2 |
| g7        | src7      | BUFG/O          | None       | BUFGCTRL_X0Y7  | n/a          |                 2 |          56 |               0 |              |             | count_reg[31]_i_4/O      | nolabel_line82/fps_clock   |
| g8        | src8      | BUFG/O          | None       | BUFGCTRL_X0Y8  | n/a          |                 1 |          38 |               0 |              |             | counter_reg[0]_i_3/O     | counter_reg[0]_i_3_n_0     |
| g9        | src9      | BUFG/O          | None       | BUFGCTRL_X0Y10 | n/a          |                 1 |          37 |               0 |              |             | y_var2_reg[6]_i_2/O      | nolabel_line93/fps_clock   |
| g10       | src10     | BUFG/O          | None       | BUFGCTRL_X0Y9  | n/a          |                 1 |          37 |               0 |              |             | slow_clk_BUFG_inst/O     | slow_clk_BUFG              |
| g11       | src11     | BUFG/O          | None       | BUFGCTRL_X0Y11 | n/a          |                 2 |          35 |               0 |              |             | fps_clock_BUFG_inst/O    | fps_clock_BUFG             |
+-----------+-----------+-----------------+------------+----------------+--------------+-------------------+-------------+-----------------+--------------+-------------+--------------------------+----------------------------+
* Clock Loads column represents the clock pin loads (pin count)
** Non-Clock Loads column represents the non-clock pin loads (pin count)


3. Global Clock Source Details
------------------------------

+-----------+-----------+-----------------+------------+--------------+--------------+-------------+-----------------+---------------------+--------------+------------------------------------------------------------------+------------------------------------------------------------------+
| Source Id | Global Id | Driver Type/Pin | Constraint | Site         | Clock Region | Clock Loads | Non-Clock Loads | Source Clock Period | Source Clock | Driver Pin                                                       | Net                                                              |
+-----------+-----------+-----------------+------------+--------------+--------------+-------------+-----------------+---------------------+--------------+------------------------------------------------------------------+------------------------------------------------------------------+
| src0      | g0        | IBUF/O          | IOB_X1Y26  | IOB_X1Y26    | X1Y0         |           1 |               0 |              10.000 | sys_clk_pin  | clk_IBUF_inst/O                                                  | clk_IBUF                                                         |
| src1      | g1        | FDRE/Q          | None       | SLICE_X15Y50 | X0Y1         |           1 |               2 |                     |              | clk_6p25MHz/slow_clk_reg/Q                                       | clk_6p25MHz/clk6p25m                                             |
| src2      | g2        | FDRE/Q          | None       | SLICE_X32Y49 | X0Y0         |           1 |               1 |                     |              | animate_projectile/nolabel_line105/get_fps_clock/slow_clk_reg/Q  | animate_projectile/nolabel_line105/get_fps_clock/slow_clk_reg_0  |
| src3      | g3        | FDRE/Q          | None       | SLICE_X30Y58 | X0Y1         |           1 |               1 |                     |              | animate_hero/get_fps_clock/slow_clk_reg/Q                        | animate_hero/get_fps_clock/slow_clk_reg_0                        |
| src4      | g4        | FDRE/Q          | None       | SLICE_X34Y46 | X0Y0         |           1 |               1 |                     |              | animate_enemy/get_fps_clock/slow_clk_reg/Q                       | animate_enemy/get_fps_clock/slow_clk_reg_0                       |
| src5      | g5        | FDRE/Q          | None       | SLICE_X34Y50 | X0Y1         |           1 |               1 |                     |              | animate_muffin/get_fps_clock/slow_clk_reg/Q                      | animate_muffin/get_fps_clock/slow_clk_reg_0                      |
| src6      | g6        | FDRE/Q          | None       | SLICE_X30Y68 | X0Y1         |           1 |               1 |                     |              | animate_projectile/nolabel_line116/get_fps_clock2/slow_clk_reg/Q | animate_projectile/nolabel_line116/get_fps_clock2/slow_clk_reg_0 |
| src7      | g7        | FDRE/Q          | None       | SLICE_X32Y64 | X0Y1         |           1 |               1 |                     |              | animate_projectile/nolabel_line82/get_fps_clock/slow_clk_reg/Q   | animate_projectile/nolabel_line82/get_fps_clock/slow_clk_reg_0   |
| src8      | g8        | FDRE/Q          | None       | SLICE_X32Y61 | X0Y1         |           1 |               1 |                     |              | choose_direction/clk1hz/slow_clk_reg/Q                           | choose_direction/clk1hz/slow_clk_reg_0                           |
| src9      | g9        | FDRE/Q          | None       | SLICE_X34Y64 | X0Y1         |           1 |               1 |                     |              | animate_projectile/nolabel_line93/get_fps_clock/slow_clk_reg/Q   | animate_projectile/nolabel_line93/get_fps_clock/slow_clk_reg_0   |
| src10     | g10       | FDRE/Q          | None       | SLICE_X33Y69 | X0Y1         |           1 |               1 |                     |              | nolabel_line133/nolabel_line30/slow_clk_reg/Q                    | nolabel_line133/nolabel_line30/slow_clk                          |
| src11     | g11       | FDRE/Q          | None       | SLICE_X13Y60 | X0Y1         |           1 |               1 |                     |              | nolabel_line132/get_fps_clock/slow_clk_reg/Q                     | nolabel_line132/get_fps_clock/fps_clock                          |
+-----------+-----------+-----------------+------------+--------------+--------------+-------------+-----------------+---------------------+--------------+------------------------------------------------------------------+------------------------------------------------------------------+
* Clock Loads column represents the clock pin loads (pin count)
** Non-Clock Loads column represents the non-clock pin loads (pin count)


4. Local Clock Details
----------------------

+----------+-----------------+------------+------------------+--------------+-------------+-----------------+--------------+-------+----------------------------------------------------------------+-----------------------------------------------------------+
| Local Id | Driver Type/Pin | Constraint | Site/BEL         | Clock Region | Clock Loads | Non-Clock Loads | Clock Period | Clock | Driver Pin                                                     | Net                                                       |
+----------+-----------------+------------+------------------+--------------+-------------+-----------------+--------------+-------+----------------------------------------------------------------+-----------------------------------------------------------||
| 0        | FDRE/Q          | None       | SLICE_X57Y42/AFF | X1Y0         |          22 |               1 |              |       | animate_projectile/nolabel_line71/get_fps_clock/slow_clk_reg/Q | animate_projectile/nolabel_line71/get_fps_clock/fps_clock - Static -
| 1        | FDRE/Q          | None       | SLICE_X61Y60/AFF | X1Y1         |          13 |               1 |              |       | display/clock1k/slow_clk_reg/Q                                 | display/clock1k/CLK                                       - Static -
+----------+-----------------+------------+------------------+--------------+-------------+-----------------+--------------+-------+----------------------------------------------------------------+-----------------------------------------------------------||
* Local Clocks in this context represents only clocks driven by non-global buffers
** Clock Loads column represents the clock pin loads (pin count)
*** Non-Clock Loads column represents the non-clock pin loads (pin count)


5. Clock Regions: Key Resource Utilization
------------------------------------------

+-------------------+--------------+--------------+--------------+--------------+--------------+--------------+--------------+--------------+--------------+--------------+--------------+--------------+--------------+--------------+--------------+
|                   | Global Clock |     BUFRs    |    BUFMRs    |    BUFIOs    |     MMCM     |      PLL     |      GT      |      PCI     |    ILOGIC    |    OLOGIC    |      FF      |     LUTM     |    RAMB18    |    RAMB36    |    DSP48E2   |
+-------------------+------+-------+------+-------+------+-------+------+-------+------+-------+------+-------+------+-------+------+-------+------+-------+------+-------+------+-------+------+-------+------+-------+------+-------+------+-------+
| Clock Region Name | Used | Avail | Used | Avail | Used | Avail | Used | Avail | Used | Avail | Used | Avail | Used | Avail | Used | Avail | Used | Avail | Used | Avail | Used | Avail | Used | Avail | Used | Avail | Used | Avail | Used | Avail |
+-------------------+------+-------+------+-------+------+-------+------+-------+------+-------+------+-------+------+-------+------+-------+------+-------+------+-------+------+-------+------+-------+------+-------+------+-------+------+-------+
| X0Y0              |    6 |    12 |    0 |     4 |    0 |     2 |    0 |     4 |    0 |     1 |    0 |     1 |    0 |     0 |    0 |     0 |    0 |    50 |    0 |    50 |  240 |  1200 |   76 |   400 |    0 |    20 |    0 |    10 |    0 |    20 |
| X1Y0              |    6 |    12 |    0 |     4 |    0 |     2 |    0 |     4 |    0 |     1 |    0 |     1 |    0 |     0 |    0 |     0 |    0 |    50 |    0 |    50 |  336 |  1500 |  121 |   450 |    0 |    40 |    0 |    20 |    0 |    20 |
| X0Y1              |    3 |    12 |    0 |     4 |    0 |     2 |    0 |     4 |    0 |     1 |    0 |     1 |    0 |     0 |    0 |     0 |    0 |    50 |    0 |    50 |  364 |  1200 |  125 |   400 |    0 |    20 |    0 |    10 |    0 |    20 |
| X1Y1              |    6 |    12 |    0 |     4 |    0 |     2 |    0 |     4 |    0 |     1 |    0 |     1 |    0 |     0 |    0 |     0 |    0 |    50 |    0 |    50 |  306 |  1500 |  141 |   450 |    0 |    40 |    0 |    20 |    0 |    20 |
| X0Y2              |    1 |    12 |    0 |     4 |    0 |     2 |    0 |     4 |    0 |     1 |    0 |     1 |    0 |     0 |    0 |     0 |    0 |    50 |    0 |    50 |   23 |  1800 |    0 |   400 |    0 |    20 |    0 |    10 |    0 |    20 |
| X1Y2              |    0 |    12 |    0 |     0 |    0 |     0 |    0 |     0 |    0 |     0 |    0 |     0 |    0 |     4 |    0 |     1 |    0 |     0 |    0 |     0 |    0 |   950 |    0 |   300 |    0 |    10 |    0 |     5 |    0 |    20 |
+-------------------+------+-------+------+-------+------+-------+------+-------+------+-------+------+-------+------+-------+------+-------+------+-------+------+-------+------+-------+------+-------+------+-------+------+-------+------+-------+
* Global Clock column represents track count; while other columns represents cell counts


6. Clock Regions : Global Clock Summary
---------------------------------------

All Modules
+----+----+----+
|    | X0 | X1 |
+----+----+----+
| Y2 |  1 |  0 |
| Y1 |  3 |  6 |
| Y0 |  6 |  6 |
+----+----+----+


7. Device Cell Placement Summary for Global Clock g0
----------------------------------------------------

+-----------+-----------------+-------------------+-------------+-------------+---------------+-------------+----------+----------------+----------+---------------+
| Global Id | Driver Type/Pin | Driver Region (D) | Clock       | Period (ns) | Waveform (ns) | Slice Loads | IO Loads | Clocking Loads | GT Loads | Net           |
+-----------+-----------------+-------------------+-------------+-------------+---------------+-------------+----------+----------------+----------+---------------+
| g0        | BUFG/O          | n/a               | sys_clk_pin |      10.000 | {0.000 5.000} |         538 |        0 |              0 |        0 | clk_IBUF_BUFG |
+-----------+-----------------+-------------------+-------------+-------------+---------------+-------------+----------+----------------+----------+---------------+
* Logic Loads column represents load cell count of all cell types other than IO, GT and clock resources
** IO Loads column represents load cell count of IO types
*** Clocking Loads column represents load cell count that are clock resources (global clock buffer, MMCM, PLL, etc)
**** GT Loads column represents load cell count of GT types


+----+------+------+
|    | X0   | X1   |
+----+------+------+
| Y2 |    0 |    0 |
| Y1 |  305 |   47 |
| Y0 |   60 |  126 |
+----+------+------+


8. Device Cell Placement Summary for Global Clock g1
----------------------------------------------------

+-----------+-----------------+-------------------+-------+-------------+---------------+-------------+----------+----------------+----------+---------------+
| Global Id | Driver Type/Pin | Driver Region (D) | Clock | Period (ns) | Waveform (ns) | Slice Loads | IO Loads | Clocking Loads | GT Loads | Net           |
+-----------+-----------------+-------------------+-------+-------------+---------------+-------------+----------+----------------+----------+---------------+
| g1        | BUFG/O          | n/a               |       |             |               |         115 |        0 |              0 |        0 | clk6p25m_BUFG |
+-----------+-----------------+-------------------+-------+-------------+---------------+-------------+----------+----------------+----------+---------------+
* Logic Loads column represents load cell count of all cell types other than IO, GT and clock resources
** IO Loads column represents load cell count of IO types
*** Clocking Loads column represents load cell count that are clock resources (global clock buffer, MMCM, PLL, etc)
**** GT Loads column represents load cell count of GT types


+----+-----+-----+
|    | X0  | X1  |
+----+-----+-----+
| Y2 |   0 |   0 |
| Y1 |   0 |   0 |
| Y0 |  20 |  95 |
+----+-----+-----+


9. Device Cell Placement Summary for Global Clock g2
----------------------------------------------------

+-----------+-----------------+-------------------+-------+-------------+---------------+-------------+----------+----------------+----------+---------------------------+
| Global Id | Driver Type/Pin | Driver Region (D) | Clock | Period (ns) | Waveform (ns) | Slice Loads | IO Loads | Clocking Loads | GT Loads | Net                       |
+-----------+-----------------+-------------------+-------+-------------+---------------+-------------+----------+----------------+----------+---------------------------+
| g2        | BUFG/O          | n/a               |       |             |               |          94 |        0 |              0 |        0 | nolabel_line105/fps_clock |
+-----------+-----------------+-------------------+-------+-------------+---------------+-------------+----------+----------------+----------+---------------------------+
* Logic Loads column represents load cell count of all cell types other than IO, GT and clock resources
** IO Loads column represents load cell count of IO types
*** Clocking Loads column represents load cell count that are clock resources (global clock buffer, MMCM, PLL, etc)
**** GT Loads column represents load cell count of GT types


+----+----+-----+
|    | X0 | X1  |
+----+----+-----+
| Y2 |  0 |   0 |
| Y1 |  0 |  94 |
| Y0 |  0 |   0 |
+----+----+-----+


10. Device Cell Placement Summary for Global Clock g3
-----------------------------------------------------

+-----------+-----------------+-------------------+-------+-------------+---------------+-------------+----------+----------------+----------+-------------+
| Global Id | Driver Type/Pin | Driver Region (D) | Clock | Period (ns) | Waveform (ns) | Slice Loads | IO Loads | Clocking Loads | GT Loads | Net         |
+-----------+-----------------+-------------------+-------+-------------+---------------+-------------+----------+----------------+----------+-------------+
| g3        | BUFG/O          | n/a               |       |             |               |          90 |        0 |              0 |        0 | fps_clock_0 |
+-----------+-----------------+-------------------+-------+-------------+---------------+-------------+----------+----------------+----------+-------------+
* Logic Loads column represents load cell count of all cell types other than IO, GT and clock resources
** IO Loads column represents load cell count of IO types
*** Clocking Loads column represents load cell count that are clock resources (global clock buffer, MMCM, PLL, etc)
**** GT Loads column represents load cell count of GT types


+----+-----+----+
|    | X0  | X1 |
+----+-----+----+
| Y2 |   0 |  0 |
| Y1 |   0 |  0 |
| Y0 |  90 |  0 |
+----+-----+----+


11. Device Cell Placement Summary for Global Clock g4
-----------------------------------------------------

+-----------+-----------------+-------------------+-------+-------------+---------------+-------------+----------+----------------+----------+-------------+
| Global Id | Driver Type/Pin | Driver Region (D) | Clock | Period (ns) | Waveform (ns) | Slice Loads | IO Loads | Clocking Loads | GT Loads | Net         |
+-----------+-----------------+-------------------+-------+-------------+---------------+-------------+----------+----------------+----------+-------------+
| g4        | BUFG/O          | n/a               |       |             |               |          79 |        0 |              0 |        0 | fps_clock_1 |
+-----------+-----------------+-------------------+-------+-------------+---------------+-------------+----------+----------------+----------+-------------+
* Logic Loads column represents load cell count of all cell types other than IO, GT and clock resources
** IO Loads column represents load cell count of IO types
*** Clocking Loads column represents load cell count that are clock resources (global clock buffer, MMCM, PLL, etc)
**** GT Loads column represents load cell count of GT types


+----+-----+----+
|    | X0  | X1 |
+----+-----+----+
| Y2 |  23 |  0 |
| Y1 |  52 |  0 |
| Y0 |   4 |  0 |
+----+-----+----+


12. Device Cell Placement Summary for Global Clock g5
-----------------------------------------------------

+-----------+-----------------+-------------------+-------+-------------+---------------+-------------+----------+----------------+----------+-------------+
| Global Id | Driver Type/Pin | Driver Region (D) | Clock | Period (ns) | Waveform (ns) | Slice Loads | IO Loads | Clocking Loads | GT Loads | Net         |
+-----------+-----------------+-------------------+-------+-------------+---------------+-------------+----------+----------------+----------+-------------+
| g5        | BUFG/O          | n/a               |       |             |               |          58 |        0 |              0 |        0 | fps_clock_2 |
+-----------+-----------------+-------------------+-------+-------------+---------------+-------------+----------+----------------+----------+-------------+
* Logic Loads column represents load cell count of all cell types other than IO, GT and clock resources
** IO Loads column represents load cell count of IO types
*** Clocking Loads column represents load cell count that are clock resources (global clock buffer, MMCM, PLL, etc)
**** GT Loads column represents load cell count of GT types


+----+----+-----+
|    | X0 | X1  |
+----+----+-----+
| Y2 |  0 |   0 |
| Y1 |  0 |  11 |
| Y0 |  0 |  47 |
+----+----+-----+


13. Device Cell Placement Summary for Global Clock g6
-----------------------------------------------------

+-----------+-----------------+-------------------+-------+-------------+---------------+-------------+----------+----------------+----------+----------------------------+
| Global Id | Driver Type/Pin | Driver Region (D) | Clock | Period (ns) | Waveform (ns) | Slice Loads | IO Loads | Clocking Loads | GT Loads | Net                        |
+-----------+-----------------+-------------------+-------+-------------+---------------+-------------+----------+----------------+----------+----------------------------+
| g6        | BUFG/O          | n/a               |       |             |               |          57 |        0 |              0 |        0 | nolabel_line116/fps_clock2 |
+-----------+-----------------+-------------------+-------+-------------+---------------+-------------+----------+----------------+----------+----------------------------+
* Logic Loads column represents load cell count of all cell types other than IO, GT and clock resources
** IO Loads column represents load cell count of IO types
*** Clocking Loads column represents load cell count that are clock resources (global clock buffer, MMCM, PLL, etc)
**** GT Loads column represents load cell count of GT types


+----+----+-----+
|    | X0 | X1  |
+----+----+-----+
| Y2 |  0 |   0 |
| Y1 |  0 |  47 |
| Y0 |  0 |  10 |
+----+----+-----+


14. Device Cell Placement Summary for Global Clock g7
-----------------------------------------------------

+-----------+-----------------+-------------------+-------+-------------+---------------+-------------+----------+----------------+----------+--------------------------+
| Global Id | Driver Type/Pin | Driver Region (D) | Clock | Period (ns) | Waveform (ns) | Slice Loads | IO Loads | Clocking Loads | GT Loads | Net                      |
+-----------+-----------------+-------------------+-------+-------------+---------------+-------------+----------+----------------+----------+--------------------------+
| g7        | BUFG/O          | n/a               |       |             |               |          56 |        0 |              0 |        0 | nolabel_line82/fps_clock |
+-----------+-----------------+-------------------+-------+-------------+---------------+-------------+----------+----------------+----------+--------------------------+
* Logic Loads column represents load cell count of all cell types other than IO, GT and clock resources
** IO Loads column represents load cell count of IO types
*** Clocking Loads column represents load cell count that are clock resources (global clock buffer, MMCM, PLL, etc)
**** GT Loads column represents load cell count of GT types


+----+----+-----+
|    | X0 | X1  |
+----+----+-----+
| Y2 |  0 |   0 |
| Y1 |  0 |  35 |
| Y0 |  0 |  21 |
+----+----+-----+


15. Device Cell Placement Summary for Global Clock g8
-----------------------------------------------------

+-----------+-----------------+-------------------+-------+-------------+---------------+-------------+----------+----------------+----------+------------------------+
| Global Id | Driver Type/Pin | Driver Region (D) | Clock | Period (ns) | Waveform (ns) | Slice Loads | IO Loads | Clocking Loads | GT Loads | Net                    |
+-----------+-----------------+-------------------+-------+-------------+---------------+-------------+----------+----------------+----------+------------------------+
| g8        | BUFG/O          | n/a               |       |             |               |          38 |        0 |              0 |        0 | counter_reg[0]_i_3_n_0 |
+-----------+-----------------+-------------------+-------+-------------+---------------+-------------+----------+----------------+----------+------------------------+
* Logic Loads column represents load cell count of all cell types other than IO, GT and clock resources
** IO Loads column represents load cell count of IO types
*** Clocking Loads column represents load cell count that are clock resources (global clock buffer, MMCM, PLL, etc)
**** GT Loads column represents load cell count of GT types


+----+-----+----+
|    | X0  | X1 |
+----+-----+----+
| Y2 |   0 |  0 |
| Y1 |   0 |  0 |
| Y0 |  38 |  0 |
+----+-----+----+


16. Device Cell Placement Summary for Global Clock g9
-----------------------------------------------------

+-----------+-----------------+-------------------+-------+-------------+---------------+-------------+----------+----------------+----------+--------------------------+
| Global Id | Driver Type/Pin | Driver Region (D) | Clock | Period (ns) | Waveform (ns) | Slice Loads | IO Loads | Clocking Loads | GT Loads | Net                      |
+-----------+-----------------+-------------------+-------+-------------+---------------+-------------+----------+----------------+----------+--------------------------+
| g9        | BUFG/O          | n/a               |       |             |               |          37 |        0 |              0 |        0 | nolabel_line93/fps_clock |
+-----------+-----------------+-------------------+-------+-------------+---------------+-------------+----------+----------------+----------+--------------------------+
* Logic Loads column represents load cell count of all cell types other than IO, GT and clock resources
** IO Loads column represents load cell count of IO types
*** Clocking Loads column represents load cell count that are clock resources (global clock buffer, MMCM, PLL, etc)
**** GT Loads column represents load cell count of GT types


+----+----+-----+
|    | X0 | X1  |
+----+----+-----+
| Y2 |  0 |   0 |
| Y1 |  0 |   0 |
| Y0 |  0 |  37 |
+----+----+-----+


17. Device Cell Placement Summary for Global Clock g10
------------------------------------------------------

+-----------+-----------------+-------------------+-------+-------------+---------------+-------------+----------+----------------+----------+---------------+
| Global Id | Driver Type/Pin | Driver Region (D) | Clock | Period (ns) | Waveform (ns) | Slice Loads | IO Loads | Clocking Loads | GT Loads | Net           |
+-----------+-----------------+-------------------+-------+-------------+---------------+-------------+----------+----------------+----------+---------------+
| g10       | BUFG/O          | n/a               |       |             |               |          37 |        0 |              0 |        0 | slow_clk_BUFG |
+-----------+-----------------+-------------------+-------+-------------+---------------+-------------+----------+----------------+----------+---------------+
* Logic Loads column represents load cell count of all cell types other than IO, GT and clock resources
** IO Loads column represents load cell count of IO types
*** Clocking Loads column represents load cell count that are clock resources (global clock buffer, MMCM, PLL, etc)
**** GT Loads column represents load cell count of GT types


+----+----+-----+
|    | X0 | X1  |
+----+----+-----+
| Y2 |  0 |   0 |
| Y1 |  0 |  37 |
| Y0 |  0 |   0 |
+----+----+-----+


18. Device Cell Placement Summary for Global Clock g11
------------------------------------------------------

+-----------+-----------------+-------------------+-------+-------------+---------------+-------------+----------+----------------+----------+----------------+
| Global Id | Driver Type/Pin | Driver Region (D) | Clock | Period (ns) | Waveform (ns) | Slice Loads | IO Loads | Clocking Loads | GT Loads | Net            |
+-----------+-----------------+-------------------+-------+-------------+---------------+-------------+----------+----------------+----------+----------------+
| g11       | BUFG/O          | n/a               |       |             |               |          35 |        0 |              0 |        0 | fps_clock_BUFG |
+-----------+-----------------+-------------------+-------+-------------+---------------+-------------+----------+----------------+----------+----------------+
* Logic Loads column represents load cell count of all cell types other than IO, GT and clock resources
** IO Loads column represents load cell count of IO types
*** Clocking Loads column represents load cell count that are clock resources (global clock buffer, MMCM, PLL, etc)
**** GT Loads column represents load cell count of GT types


+----+-----+----+
|    | X0  | X1 |
+----+-----+----+
| Y2 |   0 |  0 |
| Y1 |   7 |  0 |
| Y0 |  28 |  0 |
+----+-----+----+


19. Clock Region Cell Placement per Global Clock: Region X0Y0
-------------------------------------------------------------

+-----------+-------+-----------------+------------+-------------+-----------------+----+--------+------+-----+----+------+-----+---------+------------------------+
| Global Id | Track | Driver Type/Pin | Constraint | Clock Loads | Non-Clock Loads | FF | LUTRAM | RAMB | DSP | GT | MMCM | PLL | Hard IP | Net                    |
+-----------+-------+-----------------+------------+-------------+-----------------+----+--------+------+-----+----+------+-----+---------+------------------------+
| g0        | n/a   | BUFG/O          | None       |          60 |               0 | 60 |      0 |    0 |   0 |  0 |    0 |   0 |       0 | clk_IBUF_BUFG          |
| g1        | n/a   | BUFG/O          | None       |          20 |               0 | 20 |      0 |    0 |   0 |  0 |    0 |   0 |       0 | clk6p25m_BUFG          |
| g3        | n/a   | BUFG/O          | None       |          90 |               0 | 90 |      0 |    0 |   0 |  0 |    0 |   0 |       0 | fps_clock_0            |
| g4        | n/a   | BUFG/O          | None       |           4 |               0 |  4 |      0 |    0 |   0 |  0 |    0 |   0 |       0 | fps_clock_1            |
| g8        | n/a   | BUFG/O          | None       |          38 |               0 | 38 |      0 |    0 |   0 |  0 |    0 |   0 |       0 | counter_reg[0]_i_3_n_0 |
| g11       | n/a   | BUFG/O          | None       |          28 |               0 | 28 |      0 |    0 |   0 |  0 |    0 |   0 |       0 | fps_clock_BUFG         |
+-----------+-------+-----------------+------------+-------------+-----------------+----+--------+------+-----+----+------+-----+---------+------------------------+
* Clock Loads column represents the clock pin loads (pin count)
** Non-Clock Loads column represents the non-clock pin loads (pin count)
*** Columns FF, LUTRAM, RAMB through 'Hard IP' represents load cell counts


20. Clock Region Cell Placement per Global Clock: Region X1Y0
-------------------------------------------------------------

+-----------+-------+-----------------+------------+-------------+-----------------+-----+--------+------+-----+----+------+-----+---------+----------------------------+
| Global Id | Track | Driver Type/Pin | Constraint | Clock Loads | Non-Clock Loads | FF  | LUTRAM | RAMB | DSP | GT | MMCM | PLL | Hard IP | Net                        |
+-----------+-------+-----------------+------------+-------------+-----------------+-----+--------+------+-----+----+------+-----+---------+----------------------------+
| g0        | n/a   | BUFG/O          | None       |         126 |               0 | 126 |      0 |    0 |   0 |  0 |    0 |   0 |       0 | clk_IBUF_BUFG              |
| g1        | n/a   | BUFG/O          | None       |          95 |               0 |  95 |      0 |    0 |   0 |  0 |    0 |   0 |       0 | clk6p25m_BUFG              |
| g5        | n/a   | BUFG/O          | None       |          47 |               0 |  47 |      0 |    0 |   0 |  0 |    0 |   0 |       0 | fps_clock_2                |
| g6        | n/a   | BUFG/O          | None       |          10 |               0 |  10 |      0 |    0 |   0 |  0 |    0 |   0 |       0 | nolabel_line116/fps_clock2 |
| g7        | n/a   | BUFG/O          | None       |          21 |               0 |  21 |      0 |    0 |   0 |  0 |    0 |   0 |       0 | nolabel_line82/fps_clock   |
| g9        | n/a   | BUFG/O          | None       |          37 |               0 |  37 |      0 |    0 |   0 |  0 |    0 |   0 |       0 | nolabel_line93/fps_clock   |
+-----------+-------+-----------------+------------+-------------+-----------------+-----+--------+------+-----+----+------+-----+---------+----------------------------+
* Clock Loads column represents the clock pin loads (pin count)
** Non-Clock Loads column represents the non-clock pin loads (pin count)
*** Columns FF, LUTRAM, RAMB through 'Hard IP' represents load cell counts


21. Clock Region Cell Placement per Global Clock: Region X0Y1
-------------------------------------------------------------

+-----------+-------+-----------------+------------+-------------+-----------------+-----+--------+------+-----+----+------+-----+---------+----------------+
| Global Id | Track | Driver Type/Pin | Constraint | Clock Loads | Non-Clock Loads | FF  | LUTRAM | RAMB | DSP | GT | MMCM | PLL | Hard IP | Net            |
+-----------+-------+-----------------+------------+-------------+-----------------+-----+--------+------+-----+----+------+-----+---------+----------------+
| g0        | n/a   | BUFG/O          | None       |         305 |               0 | 305 |      0 |    0 |   0 |  0 |    0 |   0 |       0 | clk_IBUF_BUFG  |
| g4        | n/a   | BUFG/O          | None       |          52 |               0 |  52 |      0 |    0 |   0 |  0 |    0 |   0 |       0 | fps_clock_1    |
| g11       | n/a   | BUFG/O          | None       |           7 |               0 |   7 |      0 |    0 |   0 |  0 |    0 |   0 |       0 | fps_clock_BUFG |
+-----------+-------+-----------------+------------+-------------+-----------------+-----+--------+------+-----+----+------+-----+---------+----------------+
* Clock Loads column represents the clock pin loads (pin count)
** Non-Clock Loads column represents the non-clock pin loads (pin count)
*** Columns FF, LUTRAM, RAMB through 'Hard IP' represents load cell counts


22. Clock Region Cell Placement per Global Clock: Region X1Y1
-------------------------------------------------------------

+-----------+-------+-----------------+------------+-------------+-----------------+----+--------+------+-----+----+------+-----+---------+----------------------------+
| Global Id | Track | Driver Type/Pin | Constraint | Clock Loads | Non-Clock Loads | FF | LUTRAM | RAMB | DSP | GT | MMCM | PLL | Hard IP | Net                        |
+-----------+-------+-----------------+------------+-------------+-----------------+----+--------+------+-----+----+------+-----+---------+----------------------------+
| g0        | n/a   | BUFG/O          | None       |          47 |               0 | 47 |      0 |    0 |   0 |  0 |    0 |   0 |       0 | clk_IBUF_BUFG              |
| g2        | n/a   | BUFG/O          | None       |          94 |               0 | 94 |      0 |    0 |   0 |  0 |    0 |   0 |       0 | nolabel_line105/fps_clock  |
| g5        | n/a   | BUFG/O          | None       |          11 |               0 | 11 |      0 |    0 |   0 |  0 |    0 |   0 |       0 | fps_clock_2                |
| g6        | n/a   | BUFG/O          | None       |          47 |               0 | 47 |      0 |    0 |   0 |  0 |    0 |   0 |       0 | nolabel_line116/fps_clock2 |
| g7        | n/a   | BUFG/O          | None       |          35 |               0 | 35 |      0 |    0 |   0 |  0 |    0 |   0 |       0 | nolabel_line82/fps_clock   |
| g10       | n/a   | BUFG/O          | None       |          37 |               0 | 37 |      0 |    0 |   0 |  0 |    0 |   0 |       0 | slow_clk_BUFG              |
+-----------+-------+-----------------+------------+-------------+-----------------+----+--------+------+-----+----+------+-----+---------+----------------------------+
* Clock Loads column represents the clock pin loads (pin count)
** Non-Clock Loads column represents the non-clock pin loads (pin count)
*** Columns FF, LUTRAM, RAMB through 'Hard IP' represents load cell counts


23. Clock Region Cell Placement per Global Clock: Region X0Y2
-------------------------------------------------------------

+-----------+-------+-----------------+------------+-------------+-----------------+----+--------+------+-----+----+------+-----+---------+-------------+
| Global Id | Track | Driver Type/Pin | Constraint | Clock Loads | Non-Clock Loads | FF | LUTRAM | RAMB | DSP | GT | MMCM | PLL | Hard IP | Net         |
+-----------+-------+-----------------+------------+-------------+-----------------+----+--------+------+-----+----+------+-----+---------+-------------+
| g4        | n/a   | BUFG/O          | None       |          23 |               0 | 23 |      0 |    0 |   0 |  0 |    0 |   0 |       0 | fps_clock_1 |
+-----------+-------+-----------------+------------+-------------+-----------------+----+--------+------+-----+----+------+-----+---------+-------------+
* Clock Loads column represents the clock pin loads (pin count)
** Non-Clock Loads column represents the non-clock pin loads (pin count)
*** Columns FF, LUTRAM, RAMB through 'Hard IP' represents load cell counts



# Location of BUFG Primitives 
set_property LOC BUFGCTRL_X0Y9 [get_cells slow_clk_BUFG_inst]
set_property LOC BUFGCTRL_X0Y10 [get_cells y_var2_reg[6]_i_2]
set_property LOC BUFGCTRL_X0Y7 [get_cells count_reg[31]_i_4]
set_property LOC BUFGCTRL_X0Y6 [get_cells is_active_reg_i_2]
set_property LOC BUFGCTRL_X0Y2 [get_cells x_increment_reg[6]_i_2]
set_property LOC BUFGCTRL_X0Y11 [get_cells fps_clock_BUFG_inst]
set_property LOC BUFGCTRL_X0Y5 [get_cells start_reg_i_1]
set_property LOC BUFGCTRL_X0Y4 [get_cells falling_reg[31]_i_2__3]
set_property LOC BUFGCTRL_X0Y3 [get_cells y_increment_reg[6]_i_2]
set_property LOC BUFGCTRL_X0Y8 [get_cells counter_reg[0]_i_3]
set_property LOC BUFGCTRL_X0Y0 [get_cells clk_IBUF_BUFG_inst]
set_property LOC BUFGCTRL_X0Y1 [get_cells clk6p25m_BUFG_inst]

# Location of IO Primitives which is load of clock spine

# Location of clock ports
set_property LOC IOB_X1Y26 [get_ports clk]

# Clock net "slow_clk_BUFG" driven by instance "slow_clk_BUFG_inst" located at site "BUFGCTRL_X0Y9"
#startgroup
create_pblock {CLKAG_slow_clk_BUFG}
add_cells_to_pblock [get_pblocks  {CLKAG_slow_clk_BUFG}] [get_cells -filter { PRIMITIVE_GROUP != I/O && IS_PRIMITIVE==1 && PRIMITIVE_LEVEL !=INTERNAL } -of_object [get_pins -filter {DIRECTION==IN} -of_objects [get_nets -hierarchical -filter {PARENT=="slow_clk_BUFG"}]]]
resize_pblock [get_pblocks {CLKAG_slow_clk_BUFG}] -add {CLOCKREGION_X1Y1:CLOCKREGION_X1Y1}
#endgroup

# Clock net "nolabel_line93/fps_clock" driven by instance "y_var2_reg[6]_i_2" located at site "BUFGCTRL_X0Y10"
#startgroup
create_pblock {CLKAG_nolabel_line93/fps_clock}
add_cells_to_pblock [get_pblocks  {CLKAG_nolabel_line93/fps_clock}] [get_cells -filter { PRIMITIVE_GROUP != I/O && IS_PRIMITIVE==1 && PRIMITIVE_LEVEL !=INTERNAL } -of_object [get_pins -filter {DIRECTION==IN} -of_objects [get_nets -hierarchical -filter {PARENT=="nolabel_line93/fps_clock"}]]]
resize_pblock [get_pblocks {CLKAG_nolabel_line93/fps_clock}] -add {CLOCKREGION_X1Y0:CLOCKREGION_X1Y0}
#endgroup

# Clock net "nolabel_line82/fps_clock" driven by instance "count_reg[31]_i_4" located at site "BUFGCTRL_X0Y7"
#startgroup
create_pblock {CLKAG_nolabel_line82/fps_clock}
add_cells_to_pblock [get_pblocks  {CLKAG_nolabel_line82/fps_clock}] [get_cells -filter { PRIMITIVE_GROUP != I/O && IS_PRIMITIVE==1 && PRIMITIVE_LEVEL !=INTERNAL } -of_object [get_pins -filter {DIRECTION==IN} -of_objects [get_nets -hierarchical -filter {PARENT=="nolabel_line82/fps_clock"}]]]
resize_pblock [get_pblocks {CLKAG_nolabel_line82/fps_clock}] -add {CLOCKREGION_X1Y0:CLOCKREGION_X1Y0 CLOCKREGION_X1Y1:CLOCKREGION_X1Y1}
#endgroup

# Clock net "nolabel_line116/fps_clock2" driven by instance "is_active_reg_i_2" located at site "BUFGCTRL_X0Y6"
#startgroup
create_pblock {CLKAG_nolabel_line116/fps_clock2}
add_cells_to_pblock [get_pblocks  {CLKAG_nolabel_line116/fps_clock2}] [get_cells -filter { PRIMITIVE_GROUP != I/O && IS_PRIMITIVE==1 && PRIMITIVE_LEVEL !=INTERNAL } -of_object [get_pins -filter {DIRECTION==IN} -of_objects [get_nets -hierarchical -filter {PARENT=="nolabel_line116/fps_clock2"}]]]
resize_pblock [get_pblocks {CLKAG_nolabel_line116/fps_clock2}] -add {CLOCKREGION_X1Y0:CLOCKREGION_X1Y0 CLOCKREGION_X1Y1:CLOCKREGION_X1Y1}
#endgroup

# Clock net "nolabel_line105/fps_clock" driven by instance "x_increment_reg[6]_i_2" located at site "BUFGCTRL_X0Y2"
#startgroup
create_pblock {CLKAG_nolabel_line105/fps_clock}
add_cells_to_pblock [get_pblocks  {CLKAG_nolabel_line105/fps_clock}] [get_cells -filter { PRIMITIVE_GROUP != I/O && IS_PRIMITIVE==1 && PRIMITIVE_LEVEL !=INTERNAL } -of_object [get_pins -filter {DIRECTION==IN} -of_objects [get_nets -hierarchical -filter {PARENT=="nolabel_line105/fps_clock"}]]]
resize_pblock [get_pblocks {CLKAG_nolabel_line105/fps_clock}] -add {CLOCKREGION_X1Y1:CLOCKREGION_X1Y1}
#endgroup

# Clock net "fps_clock_BUFG" driven by instance "fps_clock_BUFG_inst" located at site "BUFGCTRL_X0Y11"
#startgroup
create_pblock {CLKAG_fps_clock_BUFG}
add_cells_to_pblock [get_pblocks  {CLKAG_fps_clock_BUFG}] [get_cells -filter { PRIMITIVE_GROUP != I/O && IS_PRIMITIVE==1 && PRIMITIVE_LEVEL !=INTERNAL } -of_object [get_pins -filter {DIRECTION==IN} -of_objects [get_nets -hierarchical -filter {PARENT=="fps_clock_BUFG"}]]]
resize_pblock [get_pblocks {CLKAG_fps_clock_BUFG}] -add {CLOCKREGION_X0Y0:CLOCKREGION_X0Y0 CLOCKREGION_X0Y1:CLOCKREGION_X0Y1}
#endgroup

# Clock net "fps_clock_2" driven by instance "start_reg_i_1" located at site "BUFGCTRL_X0Y5"
#startgroup
create_pblock {CLKAG_fps_clock_2}
add_cells_to_pblock [get_pblocks  {CLKAG_fps_clock_2}] [get_cells -filter { PRIMITIVE_GROUP != I/O && IS_PRIMITIVE==1 && PRIMITIVE_LEVEL !=INTERNAL } -of_object [get_pins -filter {DIRECTION==IN} -of_objects [get_nets -hierarchical -filter {PARENT=="fps_clock_2"}]]]
resize_pblock [get_pblocks {CLKAG_fps_clock_2}] -add {CLOCKREGION_X1Y0:CLOCKREGION_X1Y0 CLOCKREGION_X1Y1:CLOCKREGION_X1Y1}
#endgroup

# Clock net "fps_clock_1" driven by instance "falling_reg[31]_i_2__3" located at site "BUFGCTRL_X0Y4"
#startgroup
create_pblock {CLKAG_fps_clock_1}
add_cells_to_pblock [get_pblocks  {CLKAG_fps_clock_1}] [get_cells -filter { PRIMITIVE_GROUP != I/O && IS_PRIMITIVE==1 && PRIMITIVE_LEVEL !=INTERNAL } -of_object [get_pins -filter {DIRECTION==IN} -of_objects [get_nets -hierarchical -filter {PARENT=="fps_clock_1"}]]]
resize_pblock [get_pblocks {CLKAG_fps_clock_1}] -add {CLOCKREGION_X0Y0:CLOCKREGION_X0Y0 CLOCKREGION_X0Y1:CLOCKREGION_X0Y1 CLOCKREGION_X0Y2:CLOCKREGION_X0Y2}
#endgroup

# Clock net "fps_clock_0" driven by instance "y_increment_reg[6]_i_2" located at site "BUFGCTRL_X0Y3"
#startgroup
create_pblock {CLKAG_fps_clock_0}
add_cells_to_pblock [get_pblocks  {CLKAG_fps_clock_0}] [get_cells -filter { PRIMITIVE_GROUP != I/O && IS_PRIMITIVE==1 && PRIMITIVE_LEVEL !=INTERNAL } -of_object [get_pins -filter {DIRECTION==IN} -of_objects [get_nets -hierarchical -filter {PARENT=="fps_clock_0"}]]]
resize_pblock [get_pblocks {CLKAG_fps_clock_0}] -add {CLOCKREGION_X0Y0:CLOCKREGION_X0Y0}
#endgroup

# Clock net "counter_reg[0]_i_3_n_0" driven by instance "counter_reg[0]_i_3" located at site "BUFGCTRL_X0Y8"
#startgroup
create_pblock {CLKAG_counter_reg[0]_i_3_n_0}
add_cells_to_pblock [get_pblocks  {CLKAG_counter_reg[0]_i_3_n_0}] [get_cells -filter { PRIMITIVE_GROUP != I/O && IS_PRIMITIVE==1 && PRIMITIVE_LEVEL !=INTERNAL } -of_object [get_pins -filter {DIRECTION==IN} -of_objects [get_nets -hierarchical -filter {PARENT=="counter_reg[0]_i_3_n_0"}]]]
resize_pblock [get_pblocks {CLKAG_counter_reg[0]_i_3_n_0}] -add {CLOCKREGION_X0Y0:CLOCKREGION_X0Y0}
#endgroup

# Clock net "clk_IBUF_BUFG" driven by instance "clk_IBUF_BUFG_inst" located at site "BUFGCTRL_X0Y0"
#startgroup
create_pblock {CLKAG_clk_IBUF_BUFG}
add_cells_to_pblock [get_pblocks  {CLKAG_clk_IBUF_BUFG}] [get_cells -filter { PRIMITIVE_GROUP != I/O && IS_PRIMITIVE==1 && PRIMITIVE_LEVEL !=INTERNAL } -of_object [get_pins -filter {DIRECTION==IN} -of_objects [get_nets -hierarchical -filter {PARENT=="clk_IBUF_BUFG"}]]]
resize_pblock [get_pblocks {CLKAG_clk_IBUF_BUFG}] -add {CLOCKREGION_X0Y0:CLOCKREGION_X0Y0 CLOCKREGION_X0Y1:CLOCKREGION_X0Y1 CLOCKREGION_X1Y0:CLOCKREGION_X1Y0 CLOCKREGION_X1Y1:CLOCKREGION_X1Y1}
#endgroup

# Clock net "clk6p25m_BUFG" driven by instance "clk6p25m_BUFG_inst" located at site "BUFGCTRL_X0Y1"
#startgroup
create_pblock {CLKAG_clk6p25m_BUFG}
add_cells_to_pblock [get_pblocks  {CLKAG_clk6p25m_BUFG}] [get_cells -filter { PRIMITIVE_GROUP != I/O && IS_PRIMITIVE==1 && PRIMITIVE_LEVEL !=INTERNAL } -of_object [get_pins -filter {DIRECTION==IN} -of_objects [get_nets -hierarchical -filter {PARENT=="clk6p25m_BUFG"}]]]
resize_pblock [get_pblocks {CLKAG_clk6p25m_BUFG}] -add {CLOCKREGION_X0Y0:CLOCKREGION_X0Y0 CLOCKREGION_X1Y0:CLOCKREGION_X1Y0}
#endgroup
