Copyright 1986-2018 Xilinx, Inc. All Rights Reserved.
----------------------------------------------------------------------------------------
| Tool Version : Vivado v.2018.2 (win64) Build 2258646 Thu Jun 14 20:03:12 MDT 2018
| Date         : Thu Oct 31 23:03:50 2024
| Host         : Kashfy-yoga7 running 64-bit major release  (build 9200)
| Command      : report_control_sets -verbose -file Top_Student_control_sets_placed.rpt
| Design       : Top_Student
| Device       : xc7a35t
----------------------------------------------------------------------------------------

Control Set Information

Table of Contents
-----------------
1. Summary
2. Histogram
3. Flip-Flop Distribution
4. Detailed Control Set Information

1. Summary
----------

+----------------------------------------------------------+-------+
|                          Status                          | Count |
+----------------------------------------------------------+-------+
| Number of unique control sets                            |    26 |
| Unused register locations in slices containing registers |    38 |
+----------------------------------------------------------+-------+


2. Histogram
------------

+--------+--------------+
| Fanout | Control Sets |
+--------+--------------+
|      2 |            1 |
|      8 |            4 |
|     12 |            1 |
|     14 |            1 |
|    16+ |           19 |
+--------+--------------+


3. Flip-Flop Distribution
-------------------------

+--------------+-----------------------+------------------------+-----------------+--------------+
| Clock Enable | Synchronous Set/Reset | Asynchronous Set/Reset | Total Registers | Total Slices |
+--------------+-----------------------+------------------------+-----------------+--------------+
| No           | No                    | No                     |             394 |          101 |
| No           | No                    | Yes                    |               0 |            0 |
| No           | Yes                   | No                     |             770 |          114 |
| Yes          | No                    | No                     |             126 |           21 |
| Yes          | No                    | Yes                    |               0 |            0 |
| Yes          | Yes                   | No                     |               8 |            2 |
+--------------+-----------------------+------------------------+-----------------+--------------+


4. Detailed Control Set Information
-----------------------------------

+---------------------------------------------------------------------+-------------------------------------------------------------+-------------------------------------------------------+------------------+----------------+
|                             Clock Signal                            |                        Enable Signal                        |                    Set/Reset Signal                   | Slice Load Count | Bel Load Count |
+---------------------------------------------------------------------+-------------------------------------------------------------+-------------------------------------------------------+------------------+----------------+
| ~clk6p25m_BUFG                                                      |                                                             |                                                       |                1 |              2 |
|  animate_projectile/nolabel_line44/get_fps_clock/x_increment_reg[1] |                                                             | choose_direction/x_increment_reg[1]                   |                2 |              8 |
|  x_var_reg[5]_i_2_n_0                                               | animate_muffin/y_increment[0]_i_1__0_n_0                    |                                                       |                4 |              8 |
|  x_var_reg[5]_i_2_n_0                                               | animate_muffin/y_increment[0]_i_1__0_n_0                    | animate_muffin/y_increment[5]_i_1__0_n_0              |                2 |              8 |
|  slow_clk                                                           |                                                             |                                                       |                3 |              8 |
|  nolabel_line87/nolabel_line29/slow_clk                             |                                                             |                                                       |                1 |             12 |
|  animate_projectile/nolabel_line44/get_fps_clock/x_increment_reg[1] | animate_projectile/nolabel_line44/new_proj_width[6]_i_1_n_0 |                                                       |                3 |             14 |
| ~clk6p25m_BUFG                                                      |                                                             | Q3A1/frame_counter[16]_i_1_n_0                        |                5 |             34 |
|  animate_projectile/nolabel_line44/get_fps_clock/x_increment_reg[1] |                                                             |                                                       |                8 |             36 |
|  clk_IBUF_BUFG                                                      |                                                             |                                                       |               16 |             36 |
| ~clk6p25m_BUFG                                                      | Q3A1/delay[0]_i_1_n_0                                       |                                                       |                5 |             40 |
|  slow_clk                                                           |                                                             | nolabel_line86/counter[31]_i_1_n_0                    |                8 |             62 |
|  clk_IBUF_BUFG                                                      |                                                             | animate_hero/get_fps_clock/clear                      |                8 |             64 |
|  clk_IBUF_BUFG                                                      |                                                             | animate_enemy/get_fps_clock/clear                     |                8 |             64 |
|  clk_IBUF_BUFG                                                      |                                                             | clk_6p25MHz/clear                                     |                8 |             64 |
|  clk_IBUF_BUFG                                                      |                                                             | nolabel_line86/nolabel_line36/clear                   |                8 |             64 |
|  clk_IBUF_BUFG                                                      |                                                             | animate_muffin/get_fps_clock/clear                    |                8 |             64 |
|  clk_IBUF_BUFG                                                      |                                                             | animate_projectile/nolabel_line44/get_fps_clock/clear |                8 |             64 |
|  clk_IBUF_BUFG                                                      |                                                             | nolabel_line87/nolabel_line29/clear                   |                8 |             64 |
| ~clk6p25m_BUFG                                                      | Q3A1/state                                                  |                                                       |                9 |             64 |
|  fps_clock                                                          |                                                             | animate_hero/jumping[31]_i_1_n_0                      |               16 |             64 |
|  fps_clock_0                                                        |                                                             | animate_enemy/jumping[31]_i_1__0_n_0                  |                9 |             64 |
|  x_var_reg[5]_i_2_n_0                                               |                                                             |                                                       |               26 |             86 |
| ~clk6p25m_BUFG                                                      |                                                             | Q3A1/spi_word[39]_i_1_n_0                             |               18 |             90 |
|  fps_clock_0                                                        |                                                             |                                                       |               15 |             96 |
|  fps_clock                                                          |                                                             |                                                       |               31 |            118 |
+---------------------------------------------------------------------+-------------------------------------------------------------+-------------------------------------------------------+------------------+----------------+


